exports[`test Take Snapshot 1`] = `
<div
  className={undefined}>
  <p
    className="text-center">
    You are about to subscribe to 
    <b>
      https://github.com/kbariotis/ansible-nodejs-digitalocean
    </b>
     with the 
    <b />
     label using the 
    <b>
      konmpar@gmail.com
    </b>
     email.
  </p>
  <div
    className="row undefined">
    <div
      className="col-xs-6">
      <button
        className="btn btn-default undefined"
        onClick={[Function]}>
        Reset
      </button>
    </div>
    <div
      className="col-xs-6 text-right">
      <button
        className="btn btn-default undefined"
        onClick={[Function]}>
        Subscribe
      </button>
    </div>
  </div>
</div>
`;
