exports[`test MakeGithubRequest 1`] = `
Object {
  "direction": "desc",
  "headers": Object {},
  "labels": "Need help",
  "owner": "kbariotis",
  "repo": "throw.js",
}
`;

exports[`test ProcessGithubResponse 1`] = `
Object {
  "_id": "5890a62b8acbfb45a3f57189",
}
`;

exports[`test ProcessGithubResponse 2`] = `
Object {
  "issue_number": Object {
    "$in": Array [
      1347,
    ],
  },
  "subscription_id": "5890a62b8acbfb45a3f57189",
}
`;

exports[`test ProcessGithubResponse 3`] = `
Object {
  "issue_number": 1347,
  "message_id": undefined,
  "subscription_id": "5890a62b8acbfb45a3f57189",
}
`;
